[    7129ms] [WARNING] Mixed Content: The page at 'https://www.google.com/search?q=suno..ai&oq=suno..ai&gs_lcrp=EgZjaHJvbWUyBggAEEUYOdIBCDQ1MTFqMGoxqAIAsAIA&sourceid=chrome&ie=UTF-8&sei=C2m_aYG7HfWtiLMPhfD1iQM' was loaded over HTTPS, but requested an insecure element 'http://img.youtube.com/vi/k371vpEO_so/hqdefault.jpg'. This request was automatically upgraded to HTTPS, For more information see https://blog.chromium.org/2019/10/no-more-mixed-messages-about-https.html @ https://www.google.com/search?q=suno..ai&oq=suno..ai&gs_lcrp=EgZjaHJvbWUyBggAEEUYOdIBCDQ1MTFqMGoxqAIAsAIA&sourceid=chrome&ie=UTF-8&sei=C2m_aYG7HfWtiLMPhfD1iQM:0
[    7129ms] [WARNING] Mixed Content: The page at 'https://www.google.com/search?q=suno..ai&oq=suno..ai&gs_lcrp=EgZjaHJvbWUyBggAEEUYOdIBCDQ1MTFqMGoxqAIAsAIA&sourceid=chrome&ie=UTF-8&sei=C2m_aYG7HfWtiLMPhfD1iQM' was loaded over HTTPS, but requested an insecure element 'http://img.youtube.com/vi/8C7yIST2jPE/hqdefault.jpg'. This request was automatically upgraded to HTTPS, For more information see https://blog.chromium.org/2019/10/no-more-mixed-messages-about-https.html @ https://www.google.com/search?q=suno..ai&oq=suno..ai&gs_lcrp=EgZjaHJvbWUyBggAEEUYOdIBCDQ1MTFqMGoxqAIAsAIA&sourceid=chrome&ie=UTF-8&sei=C2m_aYG7HfWtiLMPhfD1iQM:0
[    7129ms] [WARNING] Mixed Content: The page at 'https://www.google.com/search?q=suno..ai&oq=suno..ai&gs_lcrp=EgZjaHJvbWUyBggAEEUYOdIBCDQ1MTFqMGoxqAIAsAIA&sourceid=chrome&ie=UTF-8&sei=C2m_aYG7HfWtiLMPhfD1iQM' was loaded over HTTPS, but requested an insecure element 'http://img.youtube.com/vi/9ZYUwwWkOUQ/hqdefault.jpg'. This request was automatically upgraded to HTTPS, For more information see https://blog.chromium.org/2019/10/no-more-mixed-messages-about-https.html @ https://www.google.com/search?q=suno..ai&oq=suno..ai&gs_lcrp=EgZjaHJvbWUyBggAEEUYOdIBCDQ1MTFqMGoxqAIAsAIA&sourceid=chrome&ie=UTF-8&sei=C2m_aYG7HfWtiLMPhfD1iQM:0
[    7129ms] [WARNING] Mixed Content: The page at 'https://www.google.com/search?q=suno..ai&oq=suno..ai&gs_lcrp=EgZjaHJvbWUyBggAEEUYOdIBCDQ1MTFqMGoxqAIAsAIA&sourceid=chrome&ie=UTF-8&sei=C2m_aYG7HfWtiLMPhfD1iQM' was loaded over HTTPS, but requested an insecure element 'http://img.youtube.com/vi/0Fs5UaGImIg/hqdefault.jpg'. This request was automatically upgraded to HTTPS, For more information see https://blog.chromium.org/2019/10/no-more-mixed-messages-about-https.html @ https://www.google.com/search?q=suno..ai&oq=suno..ai&gs_lcrp=EgZjaHJvbWUyBggAEEUYOdIBCDQ1MTFqMGoxqAIAsAIA&sourceid=chrome&ie=UTF-8&sei=C2m_aYG7HfWtiLMPhfD1iQM:0
[    7129ms] [WARNING] Mixed Content: The page at 'https://www.google.com/search?q=suno..ai&oq=suno..ai&gs_lcrp=EgZjaHJvbWUyBggAEEUYOdIBCDQ1MTFqMGoxqAIAsAIA&sourceid=chrome&ie=UTF-8&sei=C2m_aYG7HfWtiLMPhfD1iQM' was loaded over HTTPS, but requested an insecure element 'http://img.youtube.com/vi/duih_Aw2iCk/hqdefault.jpg'. This request was automatically upgraded to HTTPS, For more information see https://blog.chromium.org/2019/10/no-more-mixed-messages-about-https.html @ https://www.google.com/search?q=suno..ai&oq=suno..ai&gs_lcrp=EgZjaHJvbWUyBggAEEUYOdIBCDQ1MTFqMGoxqAIAsAIA&sourceid=chrome&ie=UTF-8&sei=C2m_aYG7HfWtiLMPhfD1iQM:0
[    7345ms] [WARNING] Unrecognized feature: 'web-share'. @ https://www.google.com/xjs/_/js/k=xjs.s.en.tX2cXNeQLNY.2019.O/am=AAAAAAAAAAAAAAAAAAAAAAAAAAAAAAAAAAAAAAAAAAAAAAAAAAAAAAAAAAAAAAAAAAAAAAAAAAAAAAAAAAAAAAAAEARAAABIAEAAAAgAAAAAAAAAAAAAACAAAgAEAAAAAAAAAAAAAAAAAAAAAAAAAAQEAEAAAJAAAAAAAAAAAgAAAAABAAAAAAAAAAAYAAgAAAggEAQAAAAFAAAAAAAAAAAAAAAAAAAAAASBAAAAIIEEAMC_7Q9oAAAAAAAAAAAAAAAAAAAAAAAAAJAAAAAAAAAAAAAAFgAAACAUBgCAACAEQAAAAAAAAAAAAAAAAAAABAAAAAAAAAAAAAAAAAAAIAAAAAAABQAAgAAAAAAAAAAAAAAAAAAAAAAAAEAAAAAAAAAAAAAAACAAAAQAAAAA4AAAAAAAAAAIAAAAAAAAAAAAAAAAAAAAAAAAABDAAAAAAAAAKAAQwA8AQAAAAAAAAAAcAAAAgEAAAAAAAHABYQQAAAIAAAAAIAeAxwM4RFAAAAAAAAAAAAAAAAAAAAAAAAAACIACMA4kPyAAAgAAAAAAAAAAAAAAAAAAAAAAAAAAACrCpmBrAEA/d=0/dg=0/br=1/rs=ACT90oHq2WY_EoIY2EVCqemlnwgOjvNJ3A/cb=loaded_h_0/m=sy69s,sy1xg,sy1rq,sy1ro,sy1rp,sy32n,sy32m,VD4Qme,sy6bc,TmFfhf,sy12d,Dq2Yjb,sy12h,sy12g,sy12e,NVlnE,sy12j,sy11v,qmdEUe,sy12l,sy12k,UqGwg,sy7cb,EAZJjb,sy2wk,n7qy6d,sy2wm,HPGtmd,sy2wn,syms,symf,symc,symb,sylt,syls,sy2vs,uLYJpc,sy6x6,qcH9Lc,sy8pw,pjDTFb,gCngrf,sy6x5,sy2ui,sA1ssc,sy6wz,khkNpe?xjs=s4:142
[   13325ms] [WARNING] Unrecognized feature: 'web-share'. @ https://www.google.com/xjs/_/js/k=xjs.s.en.tX2cXNeQLNY.2019.O/am=AAAAAAAAAAAAAAAAAAAAAAAAAAAAAAAAAAAAAAAAAAAAAAAAAAAAAAAAAAAAAAAAAAAAAAAAAAAAAAAAAAAAAAAAEARAAABIAEAAAAgAAAAAAAAAAAAAACAAAgAEAAAAAAAAAAAAAAAAAAAAAAAAAAQEAEAAAJAAAAAAAAAAAgAAAAABAAAAAAAAAAAYAAgAAAggEAQAAAAFAAAAAAAAAAAAAAAAAAAAAASBAAAAIIEEAMC_7Q9oAAAAAAAAAAAAAAAAAAAAAAAAAJAAAAAAAAAAAAAAFgAAACAUBgCAACAEQAAAAAAAAAAAAAAAAAAABAAAAAAAAAAAAAAAAAAAIAAAAAAABQAAgAAAAAAAAAAAAAAAAAAAAAAAAEAAAAAAAAAAAAAAACAAAAQAAAAA4AAAAAAAAAAIAAAAAAAAAAAAAAAAAAAAAAAAABDAAAAAAAAAKAAQwA8AQAAAAAAAAAAcAAAAgEAAAAAAAHABYQQAAAIAAAAAIAeAxwM4RFAAAAAAAAAAAAAAAAAAAAAAAAAACIACMA4kPyAAAgAAAAAAAAAAAAAAAAAAAAAAAAAAACrCpmBrAEA/d=0/dg=0/br=1/rs=ACT90oHq2WY_EoIY2EVCqemlnwgOjvNJ3A/cb=loaded_h_0/m=sy69s,sy1xg,sy1rq,sy1ro,sy1rp,sy32n,sy32m,VD4Qme,sy6bc,TmFfhf,syxc,UBXHI,sy7cb,EAZJjb,sy12d,Dq2Yjb,sy12h,sy12g,sy12e,NVlnE,sy12j,sy11v,qmdEUe,sy12l,sy12k,UqGwg,sy2wk,n7qy6d,sy2wm,HPGtmd,sy2wn,syms,symf,symc,symb,sylt,syls,sy2vs,uLYJpc,sy6x6,qcH9Lc,sy8pw,pjDTFb,gCngrf,sy6x5,sy2ui,sA1ssc,sy6wz,khkNpe?xjs=s4:151
[   15511ms] Error: Minified React error #418; visit https://react.dev/errors/418?args[]=text&args[]= for the full message or use the non-minified dev environment for full errors and additional helpful warnings.
    at rY (https://suno.com/_next/static/chunks/38c08d9cccf8aef9.js:25:120737)
    at rX (https://suno.com/_next/static/chunks/38c08d9cccf8aef9.js:25:121770)
    at https://suno.com/_next/static/chunks/38c08d9cccf8aef9.js:25:215489
    at up (https://suno.com/_next/static/chunks/38c08d9cccf8aef9.js:25:220650)
    at uc (https://suno.com/_next/static/chunks/38c08d9cccf8aef9.js:25:211990)
    at https://suno.com/_next/static/chunks/38c08d9cccf8aef9.js:25:206819
    at l9 (https://suno.com/_next/static/chunks/38c08d9cccf8aef9.js:25:206920)
    at u$ (https://suno.com/_next/static/chunks/38c08d9cccf8aef9.js:25:233302)
    at MessagePort.P (https://suno.com/_next/static/chunks/38c08d9cccf8aef9.js:25:82262)
[   15883ms] [ERROR] Failed to load resource: the server responded with a status of 401 () @ https://studio-api-prod.suno.com/api/prompts/?page=0&per_page=100&filter_prompt_type=tags:0
[   15884ms] [ERROR] Failed to load resource: the server responded with a status of 401 () @ https://studio-api-prod.suno.com/api/prompts/?page=0&per_page=100&filter_prompt_type=lyrics:0
[   15905ms] [ERROR] Failed to load resource: the server responded with a status of 401 () @ https://studio-api-prod.suno.com/api/statsig/experiment/:0
[   16041ms] [ERROR] Invalid id passed to identify. @ https://suno.com/_next/static/chunks/38c08d9cccf8aef9.js:10
[   16046ms] [ERROR] Failed to load resource: the server responded with a status of 401 () @ https://studio-api-prod.suno.com/api/statsig/experiment/:0
[   16093ms] [WARNING] [Cloudflare Turnstile] Turnstile already has been loaded. Was Turnstile imported multiple times? @ https://suno.com/_next/static/chunks/38c08d9cccf8aef9.js:10
[   16232ms] [ERROR] %c%d font-size:0;color:transparent NaN @ https://challenges.cloudflare.com/cdn-cgi/challenge-platform/h/g/turnstile/f/ov2/av0/rch/dccih/0x4AAAAAAAFV93qQdS0ycilX/auto/fbE/new/normal?lang=auto:0
[   16232ms] [ERROR] %c%d font-size:0;color:transparent NaN @ https://challenges.cloudflare.com/cdn-cgi/challenge-platform/h/g/turnstile/f/ov2/av0/rch/dccih/0x4AAAAAAAFV93qQdS0ycilX/auto/fbE/new/normal?lang=auto:0
[   16235ms] [WARNING] %c%d font-size:0;color:transparent NaN @ https://challenges.cloudflare.com/cdn-cgi/challenge-platform/h/g/turnstile/f/ov2/av0/rch/dccih/0x4AAAAAAAFV93qQdS0ycilX/auto/fbE/new/normal?lang=auto:0
[   16235ms] [WARNING] %c%d font-size:0;color:transparent NaN @ https://challenges.cloudflare.com/cdn-cgi/challenge-platform/h/g/turnstile/f/ov2/av0/rch/dccih/0x4AAAAAAAFV93qQdS0ycilX/auto/fbE/new/normal?lang=auto:0
[   16295ms] [ERROR] Failed to load resource: the server responded with a status of 401 () @ https://challenges.cloudflare.com/cdn-cgi/challenge-platform/h/g/pat/9e0248625deea53e/1774151957101/254dd5ce6ade04ed45bdc61babf8b18a253829f989fc6846daba0d15dfd77e71/Pgr0TfJC6yNyldv:0
[   16540ms] [ERROR] Failed to load resource: the server responded with a status of 401 () @ https://studio-api-prod.suno.com/api/statsig/experiment/:0
[   16607ms] [ERROR] Failed to load resource: the server responded with a status of 401 () @ https://studio-api-prod.suno.com/api/statsig/experiment/:0
[   17006ms] [WARNING] No available adapters. @ https://challenges.cloudflare.com/cdn-cgi/challenge-platform/h/g/turnstile/f/ov2/av0/rch/dccih/0x4AAAAAAAFV93qQdS0ycilX/auto/fbE/new/normal?lang=auto:0
[   17016ms] [ERROR]  Note that 'script-src' was not explicitly set, so 'default-src' is used as a fallback. @ https://challenges.cloudflare.com/cdn-cgi/challenge-platform/h/g/turnstile/f/ov2/av0/rch/dccih/0x4AAAAAAAFV93qQdS0ycilX/auto/fbE/new/normal?lang=auto:0
[   17578ms] [ERROR] Failed to load resource: the server responded with a status of 401 () @ https://studio-api-prod.suno.com/api/statsig/experiment/:0
[   17648ms] [ERROR] Failed to load resource: the server responded with a status of 401 () @ https://studio-api-prod.suno.com/api/statsig/experiment/:0
[   19658ms] [ERROR] Failed to load resource: the server responded with a status of 401 () @ https://studio-api-prod.suno.com/api/statsig/experiment/:0
[   19692ms] [ERROR] Failed to load resource: the server responded with a status of 401 () @ https://studio-api-prod.suno.com/api/statsig/experiment/:0
[   20590ms] [ERROR] Failed to load resource: the server responded with a status of 401 () @ https://studio-api-prod.suno.com/api/cms/nudges/share-nudge:0
[   20591ms] [ERROR] Failed to load resource: the server responded with a status of 401 () @ https://studio-api-prod.suno.com/api/share/stats?content_type=song:0
[   20598ms] [ERROR] Failed to load resource: the server responded with a status of 401 () @ https://studio-api-prod.suno.com/api/cms/nudges/publish-nudge:0
